
> @screen/storybook@0.1.0 build-storybook
> storybook build --output-dir=/private/var/folders/sv/yv7g3gc948x836bgzcfmrhnh0000gn/T/chromatic--27165-6rDb4GrQrirr


[90m┌[39m  Building storybook v10.3.6
[90m│[39m
[32m◇[39m  Cleaning outputDir:
[90m│[39m  [36m../../../../../../private/var/folders/sv/yv7g3gc948x836bgzcfmrhnh0000gn/T/chromatic--27165-6rDb4GrQrirr[39m
[90m│[39m
[32m◇[39m  Loading presets
[90m│[39m
[32m◇[39m  Building manager..
[90m│[39m
[34m●[39m  Building preview..
[90m│[39m  [43mVite[49m [36mvite v8.0.10 [32mbuilding client environment for production...[36m[39m
[2Ktransforming...✓ 1113 modules transformed.
rendering chunks...
computing gzip size...
[90m│[39m  [43mVite[49m
[90m│[39m  ../../../../../../private/var/folders/sv/yv7g3gc948x836bgzcfmrhnh0000gn/T/chromatic--27165-6rDb4GrQrirr/iframe.html
[90m│[39m  18.82 kB │ gzip:   5.27 kB
[90m│[39m  ../../../../../../private/var/folders/sv/yv7g3gc948x836bgzcfmrhnh0000gn/T/chromatic--27165-6rDb4GrQrirr/assets/iframe-BOq50YwM.css
[90m│[39m  38.19 kB │ gzip:   6.45 kB
[90m│[39m  ../../../../../../private/var/folders/sv/yv7g3gc948x836bgzcfmrhnh0000gn/T/chromatic--27165-6rDb4GrQrirr/assets/chunk-CYSK6WYR-B8onmu00.js
[90m│[39m  0.15 kB │ gzip:   0.13 kB
[90m│[39m  ../../../../../../private/var/folders/sv/yv7g3gc948x836bgzcfmrhnh0000gn/T/chromatic--27165-6rDb4GrQrirr/assets/chunk-242VQQM5-BxSpXDmU.js
[90m│[39m  0.21 kB │ gzip:   0.18 kB
[90m│[39m  ../../../../../../private/var/folders/sv/yv7g3gc948x836bgzcfmrhnh0000gn/T/chromatic--27165-6rDb4GrQrirr/assets/formatter-EIJCOSYU-C0uMG6Un.js
[90m│[39m  0.26 kB │ gzip:   0.21 kB
[90m│[39m  ../../../../../../private/var/folders/sv/yv7g3gc948x836bgzcfmrhnh0000gn/T/chromatic--27165-6rDb4GrQrirr/assets/react-D8eotBQm.js
[90m│[39m  0.52 kB │ gzip:   0.32 kB
[90m│[39m  ../../../../../../private/var/folders/sv/yv7g3gc948x836bgzcfmrhnh0000gn/T/chromatic--27165-6rDb4GrQrirr/assets/chunk-BEldbCjX.js
[90m│[39m  1.17 kB │ gzip:   0.65 kB
[90m│[39m  ../../../../../../private/var/folders/sv/yv7g3gc948x836bgzcfmrhnh0000gn/T/chromatic--27165-6rDb4GrQrirr/assets/preload-helper-BfDd7zNK.js
[90m│[39m  1.27 kB │ gzip:   0.73 kB
[90m│[39m  ../../../../../../private/var/folders/sv/yv7g3gc948x836bgzcfmrhnh0000gn/T/chromatic--27165-6rDb4GrQrirr/assets/Molecules.stories-DVuUyMvC.js
[90m│[39m  2.33 kB │ gzip:   1.07 kB
[90m│[39m  ../../../../../../private/var/folders/sv/yv7g3gc948x836bgzcfmrhnh0000gn/T/chromatic--27165-6rDb4GrQrirr/assets/TokenPreview.stories-DVC4ApF1.js
[90m│[39m  2.58 kB │ gzip:   0.76 kB
[90m│[39m  ../../../../../../private/var/folders/sv/yv7g3gc948x836bgzcfmrhnh0000gn/T/chromatic--27165-6rDb4GrQrirr/assets/chunk-3LY4VQVK-CLaYAeZw.js
[90m│[39m  4.02 kB │ gzip:   1.70 kB
[90m│[39m  ../../../../../../private/var/folders/sv/yv7g3gc948x836bgzcfmrhnh0000gn/T/chromatic--27165-6rDb4GrQrirr/assets/cta-bar-BtsVsN6k.js
[90m│[39m  8.68 kB │ gzip:   2.77 kB
[90m│[39m  ../../../../../../private/var/folders/sv/yv7g3gc948x836bgzcfmrhnh0000gn/T/chromatic--27165-6rDb4GrQrirr/assets/AppScreen.stories-D_IIzI7H.js
[90m│[39m  9.29 kB │ gzip:   3.96 kB
[90m│[39m  ../../../../../../private/var/folders/sv/yv7g3gc948x836bgzcfmrhnh0000gn/T/chromatic--27165-6rDb4GrQrirr/assets/chunk-RD3KTAHR-B6uXkLB9.js
[90m│[39m  20.68 kB │ gzip:   6.89 kB
[90m│[39m  ../../../../../../private/var/folders/sv/yv7g3gc948x836bgzcfmrhnh0000gn/T/chromatic--27165-6rDb4GrQrirr/vite-inject-mocker-entry.js
[90m│[39m  27.85 kB │ gzip:   9.64 kB
[90m│[39m  ../../../../../../private/var/folders/sv/yv7g3gc948x836bgzcfmrhnh0000gn/T/chromatic--27165-6rDb4GrQrirr/assets/Color-FRDS63T2-RNTN4lji.js
[90m│[39m  30.82 kB │ gzip:  11.55 kB
[90m│[39m  ../../../../../../private/var/folders/sv/yv7g3gc948x836bgzcfmrhnh0000gn/T/chromatic--27165-6rDb4GrQrirr/assets/WithTooltip-65CFNBJE-BDxV-YOS.js
[90m│[39m  33.20 kB │ gzip:  11.65 kB
[90m│[39m  ../../../../../../private/var/folders/sv/yv7g3gc948x836bgzcfmrhnh0000gn/T/chromatic--27165-6rDb4GrQrirr/assets/theming-ZqYSU3CJ.js
[90m│[39m  55.30 kB │ gzip:  21.36 kB
[90m│[39m  ../../../../../../private/var/folders/sv/yv7g3gc948x836bgzcfmrhnh0000gn/T/chromatic--27165-6rDb4GrQrirr/assets/syntaxhighlighter-OH4MV7E3-DITKbJiV.js
[90m│[39m  76.11 kB │ gzip:  27.38 kB
[90m│[39m  ../../../../../../private/var/folders/sv/yv7g3gc948x836bgzcfmrhnh0000gn/T/chromatic--27165-6rDb4GrQrirr/assets/DocsRenderer-LL677BLK-BP9caGKG.js
[90m│[39m  183.13 kB │ gzip:  58.15 kB
[90m│[39m  ../../../../../../private/var/folders/sv/yv7g3gc948x836bgzcfmrhnh0000gn/T/chromatic--27165-6rDb4GrQrirr/assets/react-18-DRh8EQWq.js
[90m│[39m  204.25 kB │ gzip:  64.18 kB
[90m│[39m  ../../../../../../private/var/folders/sv/yv7g3gc948x836bgzcfmrhnh0000gn/T/chromatic--27165-6rDb4GrQrirr/assets/components-CUoSE_k6.js
[90m│[39m  543.75 kB │ gzip: 173.08 kB
[90m│[39m  ../../../../../../private/var/folders/sv/yv7g3gc948x836bgzcfmrhnh0000gn/T/chromatic--27165-6rDb4GrQrirr/assets/iframe-Cbt_z_3S.js
[90m│[39m  1,416.75 kB │ gzip: 397.02 kB

[90m│[39m
[33m▲[39m  [43mVite[49m [33m[plugin builtin:vite-reporter]
[90m│[39m  (!) Some chunks are larger than 500 kB after minification. Consider:
[90m│[39m  - Using dynamic import() to code-split the application
[90m│[39m  - Use build.rolldownOptions.output.codeSplitting to improve chunking:
[90m│[39m  ]8;;https://rolldown.rs/reference/OutputOptions.codeSplittinghttps://rolldown.rs/reference/OutputOptions.codeSplitting]8;;
[90m│[39m  - Adjust chunk size limit for this warning via
[90m│[39m  build.chunkSizeWarningLimit.[39m
[90m│[39m  [43mVite[49m [32m✓ built in 605ms[39m
[90m│[39m
[32m◇[39m  Output directory:
[90m│[39m  /private/var/folders/sv/yv7g3gc948x836bgzcfmrhnh0000gn/T/chromatic--27165-6rDb4GrQrirr
[90m│[39m
[90m└[39m  Storybook build completed successfully

